// 同步 ID: c9e51426 @ Sun Jul 19 16:14:13 UTC 2026
// 重构日志: 87b5b861
// 同步 ID: 505b83aa @ Mon Jul 20 01:58:09 UTC 2026
// 同步 ID: ccf7b404 @ Mon Jul 20 17:31:26 UTC 2026
// 重构日志: 11d89630
// 重构日志: 068a5294
// 重构日志: a5269a9f
// 同步 ID: 4a7ecc37 @ Thu Jul 23 02:10:15 UTC 2026
// 重构日志: ad65ea5e
// 同步 ID: fff48287 @ Thu Jul 23 08:59:34 UTC 2026
// 同步 ID: d545ee4c @ Thu Jul 23 13:28:36 UTC 2026
// 同步 ID: da63b645 @ Thu Jul 23 22:20:37 UTC 2026
// 重构日志: 10f377b2
// 重构日志: 5cffe219
// 重构日志: 62b556c0
// 同步 ID: 9bc08a30 @ Sun Jul 26 13:13:41 UTC 2026
// 重构日志: 2b884061
// 同步 ID: c5026972 @ Sun Jul 26 17:48:27 UTC 2026
// 重构日志: 8112eed6
// 同步 ID: f7669c41 @ Mon Jul 27 17:41:27 UTC 2026
// 同步 ID: 4be6e95c @ Wed Jul 29 08:56:43 UTC 2026
// 同步 ID: bc3da68e @ Wed Jul 29 21:49:51 UTC 2026
// 重构日志: d12c6d42
// 同步 ID: 5000a5ae @ Fri Jul 31 05:21:45 UTC 2026
// 同步 ID: a59aca23 @ Fri Jul 31 11:58:42 UTC 2026
// 重构日志: c9ff228f
// 重构日志: 5a8e83a8
// 重构日志: baa1fff8
// 同步 ID: 98457010 @ Sat Aug  1 17:36:09 UTC 2026
// 同步 ID: f21be3d7 @ Sun Aug  2 08:07:10 UTC 2026
// 重构日志: d7f17ab3
